// Jest Snapshot v1, https://goo.gl/fbAQLP

exports[`App component renders App 1`] = `
<DocumentFragment>
  <div>
    <h3>
      Character List
    </h3>
  </div>
</DocumentFragment>
`;
