// Jest Snapshot v1, https://goo.gl/fbAQLP

exports[`CharacterListPage Container displays HeyArnold character data 1`] = `
<DocumentFragment>
  <ul
    data-testid="characters"
  />
</DocumentFragment>
`;
